
Events to transition to 'Completed' (1):
  - [10] Test auto transition for Event (ended at 2026-03-09 13:00:00+00:00)

Successfully updated 1 event(s).
No events need status updates at this time.
No events need status updates at this time.
No events need status updates at this time.
No events need status updates at this time.
No events need status updates at this time.
No events need status updates at this time.
No events need status updates at this time.
No events need status updates at this time.
No events need status updates at this time.
No events need status updates at this time.
No events need status updates at this time.
No events need status updates at this time.
No events need status updates at this time.
No events need status updates at this time.
No events need status updates at this time.
No events need status updates at this time.
No events need status updates at this time.
No events need status updates at this time.
No events need status updates at this time.
No events need status updates at this time.
No events need status updates at this time.
No events need status updates at this time.
Traceback (most recent call last):
  File "/home/gelie/Projects/pwms/manage.py", line 22, in <module>
    main()
    ~~~~^^
  File "/home/gelie/Projects/pwms/manage.py", line 18, in main
    execute_from_command_line(sys.argv)
    ~~~~~~~~~~~~~~~~~~~~~~~~~^^^^^^^^^^
  File "/home/gelie/Projects/pwms/.venv/lib/python3.13/site-packages/django/core/management/__init__.py", line 443, in execute_from_command_line
    utility.execute()
    ~~~~~~~~~~~~~~~^^
  File "/home/gelie/Projects/pwms/.venv/lib/python3.13/site-packages/django/core/management/__init__.py", line 417, in execute
    django.setup()
    ~~~~~~~~~~~~^^
  File "/home/gelie/Projects/pwms/.venv/lib/python3.13/site-packages/django/__init__.py", line 24, in setup
    apps.populate(settings.INSTALLED_APPS)
    ~~~~~~~~~~~~~^^^^^^^^^^^^^^^^^^^^^^^^^
  File "/home/gelie/Projects/pwms/.venv/lib/python3.13/site-packages/django/apps/registry.py", line 124, in populate
    app_config.ready()
    ~~~~~~~~~~~~~~~~^^
  File "/home/gelie/Projects/pwms/.venv/lib/python3.13/site-packages/django/contrib/admin/apps.py", line 27, in ready
    self.module.autodiscover()
    ~~~~~~~~~~~~~~~~~~~~~~~~^^
  File "/home/gelie/Projects/pwms/.venv/lib/python3.13/site-packages/django/contrib/admin/__init__.py", line 52, in autodiscover
    autodiscover_modules("admin", register_to=site)
    ~~~~~~~~~~~~~~~~~~~~^^^^^^^^^^^^^^^^^^^^^^^^^^^
  File "/home/gelie/Projects/pwms/.venv/lib/python3.13/site-packages/django/utils/module_loading.py", line 58, in autodiscover_modules
    import_module("%s.%s" % (app_config.name, module_to_search))
    ~~~~~~~~~~~~~^^^^^^^^^^^^^^^^^^^^^^^^^^^^^^^^^^^^^^^^^^^^^^^
  File "/home/gelie/.local/share/uv/python/cpython-3.13.11-linux-x86_64-gnu/lib/python3.13/importlib/__init__.py", line 88, in import_module
    return _bootstrap._gcd_import(name[level:], package, level)
           ~~~~~~~~~~~~~~~~~~~~~~^^^^^^^^^^^^^^^^^^^^^^^^^^^^^^
  File "<frozen importlib._bootstrap>", line 1387, in _gcd_import
  File "<frozen importlib._bootstrap>", line 1360, in _find_and_load
  File "<frozen importlib._bootstrap>", line 1331, in _find_and_load_unlocked
  File "<frozen importlib._bootstrap>", line 935, in _load_unlocked
  File "<frozen importlib._bootstrap_external>", line 1023, in exec_module
  File "<frozen importlib._bootstrap>", line 488, in _call_with_frames_removed
  File "/home/gelie/Projects/pwms/workflows/admin.py", line 326, in <module>
    @admin.register(WorkflowGroupAccess)
                    ^^^^^^^^^^^^^^^^^^^
NameError: name 'WorkflowGroupAccess' is not defined. Did you mean: 'WorkflowGroupAccessInline'?
No events need status updates at this time.
SystemCheckError: System check identified some issues:

ERRORS:
<class 'workflows.admin.WorkflowAdmin'>: (admin.E106) The value of 'workflows.admin.WorkflowGroupAccessInline.model' must be a Model.
<class 'workflows.admin.WorkflowGroupAccessAdmin_DISABLED'>: (admin.E106) The value of 'workflows.admin.WorkflowRolePermissionInline.model' must be a Model.
No events need status updates at this time.
No events need status updates at this time.
No events need status updates at this time.
No events need status updates at this time.
No events need status updates at this time.
No events need status updates at this time.
No events need status updates at this time.
No events need status updates at this time.
No events need status updates at this time.
No events need status updates at this time.
No events need status updates at this time.
No events need status updates at this time.
No events need status updates at this time.
No events need status updates at this time.
No events need status updates at this time.

Events to transition to 'In Progress' (1):
  - [12] Test (started at 2025-02-08 16:50:00+00:00)

Events to transition to 'Completed' (1):
  - [12] Test (ended at 2025-03-08 16:50:00+00:00)

Successfully updated 2 event(s).
No events need status updates at this time.
No events need status updates at this time.
No events need status updates at this time.
No events need status updates at this time.
No events need status updates at this time.
No events need status updates at this time.
No events need status updates at this time.
No events need status updates at this time.
No events need status updates at this time.
No events need status updates at this time.
No events need status updates at this time.
No events need status updates at this time.
No events need status updates at this time.
No events need status updates at this time.
